Warning: Found unknown `lib` config for profile `default` defined in foundry.toml.
No files changed, compilation skipped
warning: invalid natspec tag '@member', custom tags must use format '@custom:name'
   --> contracts/lending/tokens/cToken/CTokenInterfacesModified.sol:97:3
    |
 97 | /   /**
 98 | |    * @notice Container for borrow balance information
 99 | |    * @member principal Total balance (with accrued interest), after applying the most recent balance-changing action
100 | |    * @member interestIndex Global borrowIndex as of the most recent balance-changing action
101 | |    */
    | |_____^

warning: invalid natspec tag '@member', custom tags must use format '@custom:name'
  --> contracts/lending/tokens/cErc20Delegate/CTokenInterfaces.sol:95:3
   |
95 | /   /**
96 | |    * @notice Container for borrow balance information
97 | |    * @member principal Total balance (with accrued interest), after applying the most recent balance-changing action
98 | |    * @member interestIndex Global borrowIndex as of the most recent balance-changing action
99 | |    */
   | |_____^

warning: invalid natspec tag '@member', custom tags must use format '@custom:name'
   --> contracts/lending/tokens/cCash/CTokenInterfacesModifiedCash.sol:99:3
    |
 99 | /   /**
100 | |    * @notice Container for borrow balance information
101 | |    * @member principal Total balance (with accrued interest), after applying the most recent balance-changing action
102 | |    * @member interestIndex Global borrowIndex as of the most recent balance-changing action
103 | |    */
    | |_____^

No tests found in project! Forge looks for functions that start with `test`
